<?xml version="1.0" encoding="UTF-8"?>
<TestRun id="632d6954-9d34-4ee5-8188-cb5354823277" name="panahr@QHSW20363 2012-03-08 10:40:44" runUser="B2B\panahr" xmlns="http://microsoft.com/schemas/VisualStudio/TeamTest/2010">
  <TestSettings name="Local" id="eee881b2-76e0-4fc3-98c0-55e16c4933d2">
    <Description>These are default test settings for a local test run.</Description>
    <Deployment userDeploymentRoot="C:\Users\panahr\Documents\Visual Studio 2010\Projects\FluentMongo\TestResults" useDefaultDeploymentRoot="false" enabled="false" runDeploymentRoot="panahr_QHSW20363 2012-03-08 10_40_44">
      <DeploymentItem filename="C:\Users\panahr\Documents\Visual Studio 2010\Projects\FluentMongo\FluentMongo.Repositories\bin\Debug\FluentMongo.Repositories.dll" />
      <DeploymentItem filename="c:\users\panahr\documents\visual studio 2010\Projects\FluentMongo\FluentMongo.Extensions\bin\Debug\FluentMongo.Extensions.dll" />
      <DeploymentItem filename="c:\users\panahr\documents\visual studio 2010\Projects\FluentMongo\FleuntMongo.Mapping\bin\Debug\FleuntMongo.Mapping.dll" />
    </Deployment>
    <Execution>
      <TestTypeSpecific />
      <AgentRule name="Execution Agents">
      </AgentRule>
    </Execution>
  </TestSettings>
  <Times creation="2012-03-08T10:40:44.8156731+00:00" queuing="2012-03-08T10:40:46.5518467+00:00" start="2012-03-08T10:40:46.6788594+00:00" finish="2012-03-08T10:42:45.3427246+00:00" />
  <ResultSummary outcome="Error">
    <Counters total="1" executed="1" error="0" failed="0" timeout="0" aborted="1" inconclusive="0" passedButRunAborted="0" notRunnable="0" notExecuted="0" disconnected="0" warning="0" passed="0" completed="0" inProgress="0" pending="0" />
    <RunInfos>
      <RunInfo computerName="QHSW20363" outcome="Error" timestamp="2012-03-08T10:42:45.3417245+00:00">
        <Text>Test host process exited unexpectedly.</Text>
      </RunInfo>
    </RunInfos>
  </ResultSummary>
  <TestDefinitions>
    <UnitTest name="GetConnection_Creates_A_Connection_For_The_Specified_Type" storage="c:\users\panahr\documents\visual studio 2010\projects\fluentmongo\fluentmongo.test\bin\debug\fluentmongo.test.dll" id="a105131f-461b-0587-77f9-dfdde994a832">
      <Execution id="ac2091e7-251e-4720-be23-848ffbc5f4af" />
      <TestMethod codeBase="C:/Users/panahr/Documents/Visual Studio 2010/Projects/FluentMongo/FluentMongo.Test/bin/Debug/FluentMongo.Test.DLL" adapterTypeName="Microsoft.VisualStudio.TestTools.TestTypes.Unit.UnitTestAdapter, Microsoft.VisualStudio.QualityTools.Tips.UnitTest.Adapter, Version=10.0.0.0, Culture=neutral, PublicKeyToken=b03f5f7f11d50a3a" className="FluentMongo.Test.ConnectionFactoryTests, FluentMongo.Test, Version=1.0.0.0, Culture=neutral, PublicKeyToken=null" name="GetConnection_Creates_A_Connection_For_The_Specified_Type" />
    </UnitTest>
  </TestDefinitions>
  <TestLists>
    <TestList name="Results Not in a List" id="8c84fa94-04c1-424b-9868-57a2d4851a1d" />
    <TestList name="All Loaded Results" id="19431567-8539-422a-85d7-44ee4e166bda" />
  </TestLists>
  <TestEntries>
    <TestEntry testId="a105131f-461b-0587-77f9-dfdde994a832" executionId="ac2091e7-251e-4720-be23-848ffbc5f4af" testListId="8c84fa94-04c1-424b-9868-57a2d4851a1d" />
  </TestEntries>
  <Results>
    <UnitTestResult executionId="ac2091e7-251e-4720-be23-848ffbc5f4af" testId="a105131f-461b-0587-77f9-dfdde994a832" testName="GetConnection_Creates_A_Connection_For_The_Specified_Type" computerName="QHSW20363" duration="00:01:58.5668555" startTime="2012-03-08T10:40:46.7758691+00:00" endTime="2012-03-08T10:42:45.3427246+00:00" testType="13cdc9d9-ddb5-4fa4-a97d-d965ccfc6d4b" outcome="Aborted" testListId="8c84fa94-04c1-424b-9868-57a2d4851a1d" relativeResultsDirectory="ac2091e7-251e-4720-be23-848ffbc5f4af">
    </UnitTestResult>
  </Results>
</TestRun>